test.c:81:1:winlink_cmp	8	static
test.c:86:1:winlinks_RB_INSERT_COLOR	8	static
test.c:86:1:winlinks_RB_REMOVE_COLOR	8	static
test.c:86:1:winlinks_RB_INSERT	32	static
test.c:86:1:winlinks_RB_REMOVE	16	static
test.c:86:1:winlinks_RB_FIND	24	static
test.c:86:1:winlinks_RB_NEXT	8	static
test.c:86:1:winlinks_RB_MINMAX	8	static
test.c:148:1:winlink_find_by_window	16	static
test.c:180:1:session_has	16	static
test.c:193:1:session_group_find	8	static
test.c:247:1:window_index	8	static
test.c:292:1:session_index	8	static
test.c:302:1:winlink_stack_remove	8	static
test.c:318:1:winlink_stack_push	24	static
test.c:106:1:winlink_find_by_index	160	static
test.c:511:1:session_select	32	static
test.c:130:1:winlink_next_index	48	static
test.c:90:1:xrealloc	16	static
test.c:160:17:cmd_find_pane	16	static
test.c:552:1:window_create1	32	static
test.c:212:1:session_group_add	32	static
test.c:226:1:winlink_add	48	static
test.c:477:1:server_destroy_session_group	16	static
test.c:328:1:window_destroy	32	static
test.c:344:1:winlink_remove	32	static
test.c:366:1:session_group_synchronize1	48	static
test.c:423:1:session_group_synchronize_from	32	static
test.c:584:1:session_attach	32	static
test.c:596:1:session_new	32	static
test.c:405:1:session_group_synchronize_to	16	static
test.c:258:1:session_group_remove	16	static
test.c:439:1:session_destroy	48	static
test.c:464:1:session_detach	32	static
test.c:490:1:server_kill_window	48	static
test.c:526:5:join_pane_exec	48	static
test.c:275:1:session_find	48	static
test.c:614:1:session_create	48	static
test.c:657:5:main	144	dynamic,bounded
